// Jest Snapshot v1, https://goo.gl/fbAQLP

exports[`Input renders correctly 1`] = `
.emotion-0 {
  background-color: #fff;
  border: 1px solid;
  border-radius: 4px;
  border-color: #1c1c1c;
  color: #1c1c1c;
  height: -webkit-fit-content;
  height: -moz-fit-content;
  height: fit-content;
  min-width: 100px;
  padding: 8px;
}

<input
  className="emotion-0"
  color="inverseBackground"
  height="fit-content"
  placeholder="test"
  value={1}
/>
`;
